

================================================================
== Vitis HLS Report for 'snn_inference_profile_hls_Pipeline_TIME_LOOP'
================================================================
* Date:           Thu Jul  2 01:03:10 2026

* Version:        2025.2 (Build 6295257 on Nov 14 2025)
* Project:        hls_inference_profile_output
* Solution:       hls (Vivado IP Flow Target)
* Product family: zynq
* Target device:  xc7z020-clg400-2


================================================================
== Performance Estimates
================================================================
+ Timing: 
    * Summary: 
    +--------+----------+----------+------------+
    |  Clock |  Target  | Estimated| Uncertainty|
    +--------+----------+----------+------------+
    |ap_clk  |  10.00 ns|  4.141 ns|     2.70 ns|
    +--------+----------+----------+------------+

+ Latency: 
    * Summary: 
    +---------+---------+-----------+----------+-----+-----+-------------------+
    |  Latency (cycles) |  Latency (absolute)  |  Interval |      Pipeline     |
    |   min   |   max   |    min    |    max   | min | max |        Type       |
    +---------+---------+-----------+----------+-----+-----+-------------------+
    |        2|   131072|  20.000 ns|  1.311 ms|    0|    0|  loop pipeline stp|
    +---------+---------+-----------+----------+-----+-----+-------------------+

    + Detail: 
        * Instance: 
        N/A

        * Loop: 
        +-------------+---------+---------+----------+-----------+-----------+-----------+----------+
        |             |  Latency (cycles) | Iteration|  Initiation Interval  |    Trip   |          |
        |  Loop Name  |   min   |   max   |  Latency |  achieved |   target  |   Count   | Pipelined|
        +-------------+---------+---------+----------+-----------+-----------+-----------+----------+
        |- TIME_LOOP  |        0|   131070|         3|          2|          1|  0 ~ 65535|       yes|
        +-------------+---------+---------+----------+-----------+-----------+-----------+----------+



================================================================
== Utilization Estimates
================================================================
* Summary: 
+-----------------+---------+-----+--------+-------+-----+
|       Name      | BRAM_18K| DSP |   FF   |  LUT  | URAM|
+-----------------+---------+-----+--------+-------+-----+
|DSP              |        -|    -|       -|      -|    -|
|Expression       |        -|    -|       0|    113|    -|
|FIFO             |        -|    -|       -|      -|    -|
|Instance         |        -|    -|       -|      -|    -|
|Memory           |        -|    -|       -|      -|    -|
|Multiplexer      |        -|    -|       0|    218|    -|
|Register         |        -|    -|      60|      -|    -|
+-----------------+---------+-----+--------+-------+-----+
|Total            |        0|    0|      60|    331|    0|
+-----------------+---------+-----+--------+-------+-----+
|Available        |      280|  220|  106400|  53200|    0|
+-----------------+---------+-----+--------+-------+-----+
|Utilization (%)  |        0|    0|      ~0|     ~0|    0|
+-----------------+---------+-----+--------+-------+-----+

+ Detail: 
    * Instance: 
    N/A

    * DSP: 
    N/A

    * Memory: 
    N/A

    * FIFO: 
    N/A

    * Expression: 
    +---------------------------------------+----------+----+---+----+------------+------------+
    |             Variable Name             | Operation| DSP| FF| LUT| Bitwidth P0| Bitwidth P1|
    +---------------------------------------+----------+----+---+----+------------+------------+
    |add_ln138_fu_423_p2                    |         +|   0|  0|  32|          32|           1|
    |add_ln198_fu_592_p2                    |         +|   0|  0|  32|          32|           1|
    |t_2_fu_413_p2                          |         +|   0|  0|  16|          16|           1|
    |ap_block_pp0_stage0_01001              |       and|   0|  0|   1|           1|           1|
    |ap_block_pp0_stage1_01001_grp2         |       and|   0|  0|   1|           1|           1|
    |ap_block_pp0_stage1_11001_grp1         |       and|   0|  0|   1|           1|           1|
    |ap_block_pp0_stage1_subdone            |       and|   0|  0|   1|           1|           1|
    |ap_block_state2_pp0_stage1_iter0_grp1  |       and|   0|  0|   1|           1|           1|
    |ap_block_state2_pp0_stage1_iter0_grp2  |       and|   0|  0|   1|           1|           1|
    |ap_block_state3_pp0_stage0_iter1       |       and|   0|  0|   1|           1|           1|
    |ap_predicate_op48_read_state2          |       and|   0|  0|   1|           1|           1|
    |ap_predicate_op68_write_state2         |       and|   0|  0|   1|           1|           1|
    |ap_predicate_op82_write_state3         |       and|   0|  0|   1|           1|           1|
    |tmp_2_nbreadreq_fu_220_p9              |       and|   0|  0|   1|           1|           0|
    |icmp_ln122_fu_407_p2                   |      icmp|   0|  0|  16|          16|          16|
    |ap_enable_pp0                          |       xor|   0|  0|   2|           1|           2|
    |xor_ln134_fu_459_p2                    |       xor|   0|  0|   2|           1|           2|
    |xor_ln192_fu_570_p2                    |       xor|   0|  0|   2|           1|           2|
    +---------------------------------------+----------+----+---+----+------------+------------+
    |Total                                  |          |   0|  0| 113|         110|          35|
    +---------------------------------------+----------+----+---+----+------------+------------+

    * Multiplexer: 
    +--------------------------------------+----+-----------+-----+-----------+
    |                 Name                 | LUT| Input Size| Bits| Total Bits|
    +--------------------------------------+----+-----------+-----+-----------+
    |ap_NS_fsm                             |  13|          3|    1|          3|
    |ap_done_int                           |   9|          2|    1|          2|
    |ap_enable_reg_pp0_iter0               |   9|          2|    1|          2|
    |ap_enable_reg_pp0_iter0_reg           |   9|          2|    1|          2|
    |ap_enable_reg_pp0_iter1               |   9|          2|    1|          2|
    |ap_phi_mux_empty_27_phi_fu_341_p6     |   9|          2|    8|         16|
    |ap_phi_mux_empty_28_phi_fu_355_p6     |   9|          2|   11|         22|
    |ap_phi_mux_p_0_0_05525_phi_fu_379_p6  |  13|          3|    1|          3|
    |ap_phi_mux_p_0_0_05623_phi_fu_368_p6  |  13|          3|    1|          3|
    |ap_sig_allocacmp_t_1                  |   9|          2|   16|         32|
    |first_spike_pending_id_o              |   9|          2|   11|         22|
    |first_spike_pending_o                 |  13|          3|    1|          3|
    |first_spike_pending_weight_o          |   9|          2|    8|         16|
    |first_spike_sent_o                    |   9|          2|    1|          2|
    |m_axis_spikes_TDATA                   |  13|          3|   32|         96|
    |m_axis_spikes_TDATA_blk_n             |   9|          2|    1|          2|
    |s_axis_spikes_TDATA_blk_n             |   9|          2|    1|          2|
    |spike_counter_o                       |   9|          2|   32|         64|
    |spike_in_valid_toggle_o               |   9|          2|    1|          2|
    |spike_out_ack_toggle_o                |   9|          2|    1|          2|
    |t_fu_162                              |   9|          2|   16|         32|
    |timestamp_o                           |   9|          2|   32|         64|
    +--------------------------------------+----+-----------+-----+-----------+
    |Total                                 | 218|         49|  179|        394|
    +--------------------------------------+----+-----------+-----+-----------+

    * Register: 
    +-------------------------------------------+----+----+-----+-----------+
    |                    Name                   | FF | LUT| Bits| Const Bits|
    +-------------------------------------------+----+----+-----+-----------+
    |ap_CS_fsm                                  |   2|   0|    2|          0|
    |ap_block_pp0_stage0_subdone_grp0_done_reg  |   1|   0|    1|          0|
    |ap_block_pp0_stage1_subdone_grp0_done_reg  |   1|   0|    1|          0|
    |ap_block_pp0_stage1_subdone_grp1_done_reg  |   1|   0|    1|          0|
    |ap_block_pp0_stage1_subdone_grp2_done_reg  |   1|   0|    1|          0|
    |ap_done_reg                                |   1|   0|    1|          0|
    |ap_enable_reg_pp0_iter0_reg                |   1|   0|    1|          0|
    |ap_enable_reg_pp0_iter1                    |   1|   0|    1|          0|
    |first_spike_sent_load_reg_701              |   1|   0|    1|          0|
    |icmp_ln122_reg_687                         |   1|   0|    1|          0|
    |p_0_0_05525_phi_fu_150                     |   1|   0|    1|          0|
    |p_0_0_05623_phi_fu_146                     |   1|   0|    1|          0|
    |p_phi4_fu_154                              |  11|   0|   11|          0|
    |p_phi_fu_158                               |   8|   0|    8|          0|
    |t_fu_162                                   |  16|   0|   16|          0|
    |tmp_2_reg_691                              |   1|   0|    1|          0|
    |zext_ln162_cast_reg_682                    |  11|   0|   13|          2|
    +-------------------------------------------+----+----+-----+-----------+
    |Total                                      |  60|   0|   62|          2|
    +-------------------------------------------+----+----+-----+-----------+



================================================================
== Interface
================================================================
* Summary: 
+-------------------------------------+-----+-----+------------+----------------------------------------------+--------------+
|              RTL Ports              | Dir | Bits|  Protocol  |                 Source Object                |    C Type    |
+-------------------------------------+-----+-----+------------+----------------------------------------------+--------------+
|ap_clk                               |   in|    1|  ap_ctrl_hs|  snn_inference_profile_hls_Pipeline_TIME_LOOP|  return value|
|ap_rst                               |   in|    1|  ap_ctrl_hs|  snn_inference_profile_hls_Pipeline_TIME_LOOP|  return value|
|ap_start                             |   in|    1|  ap_ctrl_hs|  snn_inference_profile_hls_Pipeline_TIME_LOOP|  return value|
|ap_done                              |  out|    1|  ap_ctrl_hs|  snn_inference_profile_hls_Pipeline_TIME_LOOP|  return value|
|ap_idle                              |  out|    1|  ap_ctrl_hs|  snn_inference_profile_hls_Pipeline_TIME_LOOP|  return value|
|ap_ready                             |  out|    1|  ap_ctrl_hs|  snn_inference_profile_hls_Pipeline_TIME_LOOP|  return value|
|m_axis_spikes_TREADY                 |   in|    1|        axis|                        m_axis_spikes_V_data_V|       pointer|
|m_axis_spikes_TDATA                  |  out|   32|        axis|                        m_axis_spikes_V_data_V|       pointer|
|s_axis_spikes_TVALID                 |   in|    1|        axis|                        s_axis_spikes_V_data_V|       pointer|
|s_axis_spikes_TDATA                  |   in|   32|        axis|                        s_axis_spikes_V_data_V|       pointer|
|time_steps_1                         |   in|   16|     ap_none|                                  time_steps_1|        scalar|
|empty_21                             |   in|    1|     ap_none|                                      empty_21|        scalar|
|or_ln161                             |   in|    1|     ap_none|                                      or_ln161|        scalar|
|or_ln143                             |   in|    1|     ap_none|                                      or_ln143|        scalar|
|or_ln129                             |   in|    1|     ap_none|                                      or_ln129|        scalar|
|s_axis_spikes_TREADY                 |  out|    1|        axis|                        s_axis_spikes_V_dest_V|       pointer|
|s_axis_spikes_TDEST                  |   in|    1|        axis|                        s_axis_spikes_V_dest_V|       pointer|
|s_axis_spikes_TKEEP                  |   in|    4|        axis|                        s_axis_spikes_V_keep_V|       pointer|
|s_axis_spikes_TSTRB                  |   in|    4|        axis|                        s_axis_spikes_V_strb_V|       pointer|
|s_axis_spikes_TUSER                  |   in|    1|        axis|                        s_axis_spikes_V_user_V|       pointer|
|s_axis_spikes_TLAST                  |   in|    1|        axis|                        s_axis_spikes_V_last_V|       pointer|
|s_axis_spikes_TID                    |   in|    1|        axis|                          s_axis_spikes_V_id_V|       pointer|
|m_axis_spikes_TVALID                 |  out|    1|        axis|                        m_axis_spikes_V_dest_V|       pointer|
|m_axis_spikes_TDEST                  |  out|    1|        axis|                        m_axis_spikes_V_dest_V|       pointer|
|m_axis_spikes_TKEEP                  |  out|    4|        axis|                        m_axis_spikes_V_keep_V|       pointer|
|m_axis_spikes_TSTRB                  |  out|    4|        axis|                        m_axis_spikes_V_strb_V|       pointer|
|m_axis_spikes_TUSER                  |  out|    1|        axis|                        m_axis_spikes_V_user_V|       pointer|
|m_axis_spikes_TLAST                  |  out|    1|        axis|                        m_axis_spikes_V_last_V|       pointer|
|m_axis_spikes_TID                    |  out|    1|        axis|                          m_axis_spikes_V_id_V|       pointer|
|empty                                |   in|    1|     ap_none|                                         empty|        scalar|
|spike_out_weight                     |   in|    8|     ap_none|                              spike_out_weight|        scalar|
|zext_ln162                           |   in|   11|     ap_none|                                    zext_ln162|        scalar|
|spike_out_neuron_id                  |   in|   11|     ap_none|                           spike_out_neuron_id|        scalar|
|p_0_0_05525_phi_out                  |  out|    1|      ap_vld|                           p_0_0_05525_phi_out|       pointer|
|p_0_0_05525_phi_out_ap_vld           |  out|    1|      ap_vld|                           p_0_0_05525_phi_out|       pointer|
|p_phi_out                            |  out|    8|      ap_vld|                                     p_phi_out|       pointer|
|p_phi_out_ap_vld                     |  out|    1|      ap_vld|                                     p_phi_out|       pointer|
|p_phi4_out                           |  out|   11|      ap_vld|                                    p_phi4_out|       pointer|
|p_phi4_out_ap_vld                    |  out|    1|      ap_vld|                                    p_phi4_out|       pointer|
|p_0_0_05623_phi_out                  |  out|    1|      ap_vld|                           p_0_0_05623_phi_out|       pointer|
|p_0_0_05623_phi_out_ap_vld           |  out|    1|      ap_vld|                           p_0_0_05623_phi_out|       pointer|
|spike_out_ack_toggle_i               |   in|    1|     ap_ovld|                          spike_out_ack_toggle|       pointer|
|spike_out_ack_toggle_o               |  out|    1|     ap_ovld|                          spike_out_ack_toggle|       pointer|
|spike_out_ack_toggle_o_ap_vld        |  out|    1|     ap_ovld|                          spike_out_ack_toggle|       pointer|
|spike_in_valid_toggle_i              |   in|    1|     ap_ovld|                         spike_in_valid_toggle|       pointer|
|spike_in_valid_toggle_o              |  out|    1|     ap_ovld|                         spike_in_valid_toggle|       pointer|
|spike_in_valid_toggle_o_ap_vld       |  out|    1|     ap_ovld|                         spike_in_valid_toggle|       pointer|
|spike_counter_i                      |   in|   32|     ap_ovld|                                 spike_counter|       pointer|
|spike_counter_o                      |  out|   32|     ap_ovld|                                 spike_counter|       pointer|
|spike_counter_o_ap_vld               |  out|    1|     ap_ovld|                                 spike_counter|       pointer|
|first_spike_pending_i                |   in|    1|     ap_ovld|                           first_spike_pending|       pointer|
|first_spike_pending_o                |  out|    1|     ap_ovld|                           first_spike_pending|       pointer|
|first_spike_pending_o_ap_vld         |  out|    1|     ap_ovld|                           first_spike_pending|       pointer|
|first_spike_pending_id_i             |   in|   11|     ap_ovld|                        first_spike_pending_id|       pointer|
|first_spike_pending_id_o             |  out|   11|     ap_ovld|                        first_spike_pending_id|       pointer|
|first_spike_pending_id_o_ap_vld      |  out|    1|     ap_ovld|                        first_spike_pending_id|       pointer|
|first_spike_pending_weight_i         |   in|    8|     ap_ovld|                    first_spike_pending_weight|       pointer|
|first_spike_pending_weight_o         |  out|    8|     ap_ovld|                    first_spike_pending_weight|       pointer|
|first_spike_pending_weight_o_ap_vld  |  out|    1|     ap_ovld|                    first_spike_pending_weight|       pointer|
|timestamp_i                          |   in|   32|     ap_ovld|                                     timestamp|       pointer|
|timestamp_o                          |  out|   32|     ap_ovld|                                     timestamp|       pointer|
|timestamp_o_ap_vld                   |  out|    1|     ap_ovld|                                     timestamp|       pointer|
|first_spike_sent_i                   |   in|    1|     ap_ovld|                              first_spike_sent|       pointer|
|first_spike_sent_o                   |  out|    1|     ap_ovld|                              first_spike_sent|       pointer|
|first_spike_sent_o_ap_vld            |  out|    1|     ap_ovld|                              first_spike_sent|       pointer|
+-------------------------------------+-----+-----+------------+----------------------------------------------+--------------+

