================================================================
== Design Size Report
================================================================

* Total Instructions per Compilation Phase
+---------------+----------------------------+--------------+----------------------------------------------------------------------------------------+
| Phase         | Step                       | Instructions | Description                                                                            |
+---------------+----------------------------+--------------+----------------------------------------------------------------------------------------+
| Compile/Link  |                            | 19,801       | After all functions are compiled and linked into a single design                       |
|               |                            |              |                                                                                        |
| Unroll/Inline |                            |              | After user unroll and inline pragmas are applied                                       |
|               | (1) unroll                 |  2,181       | user unroll pragmas are applied                                                        |
|               | (2) simplification         |  1,689       | simplification of applied user unroll pragmas                                          |
|               | (3) inline                 |  1,641       | user inline pragmas are applied                                                        |
|               | (4) simplification         |  1,458       | simplification of applied user inline pragmas                                          |
|               |                            |              |                                                                                        |
| Array/Struct  |                            |              | After user array partition and struct aggregate/disaggregate pragmas are applied       |
|               | (1) array partition        |  1,474       | user array partition pragmas are applied                                               |
|               | (2) simplification         |  1,471       | simplification of applied user array partition & struct aggregate/disaggregate pragmas |
|               | (3) aggregate/disaggregate |  1,474       | user struct aggregate/disaggregate pragmas are applied                                 |
|               | (4) array reshape          |  1,522       | apply array reshape pragmas                                                            |
|               | (5) access patterns        |  1,751       | array access pattern optmizations                                                      |
|               |                            |              |                                                                                        |
| Performance   |                            |              | After transformations are applied to meet performance pragma targets                   |
|               | (1) loop simplification    |  1,726       | loop and instruction simplification                                                    |
|               | (2) parallelization        |  1,609       | loops are unrolled or pipelined to meet performance targets                            |
|               | (3) array partition        |  1,542       | arrays are partitioned to meet performance targets                                     |
|               | (4) simplification         |  1,495       | simplification of design after performance transformations                             |
|               |                            |              |                                                                                        |
| HW Transforms |                            |              | After hardware transfomations                                                          |
|               | (1) lowering               |  1,461       | initial conversion to HW specific instructions                                         |
|               | (2) optimizations          |  1,384       | high level synthesis optimizations                                                     |
+---------------+----------------------------+--------------+----------------------------------------------------------------------------------------+

* Instructions per Function for each Compilation Phase
+------------------------------------+---------------------+-----------------+---------------+--------------+-------------+---------------+
| Function                           | Location            | Compile/Link    | Unroll/Inline | Array/Struct | Performance | HW Transforms |
+------------------------------------+---------------------+-----------------+---------------+--------------+-------------+---------------+
| + snn_top_hls                      | snn_top_hls.cpp:546 | 19,801          | 1,458         | 1,751        | 1,495       | 1,384         |
|  + weight_index                    | snn_top_hls.h:394   |   167           |               |              |             |               |
|     find_neuron_group              | snn_top_hls.h:367   |    86 (2 calls) |               |              |             |               |
|     find_connection                | snn_top_hls.h:380   |    28           |               |              |             |               |
|    clip_weight                     | snn_top_hls.cpp:129 |    74           |               |              |             |               |
|    decay_all_traces                | snn_top_hls.cpp:203 |   861           |   43          |   43         |   42        |   51          |
|  + run_encoder_once                | snn_top_hls.cpp:83  |   649           |               |              |             |               |
|   + encoder_delta_sigma            | snn_top_hls.cpp:58  |   564           |               |              |             |               |
|      encoder_write_axis_spike      | snn_top_hls.cpp:36  |   429           |               |              |             |               |
|  + process_pre_spike_aer           | snn_top_hls.cpp:235 | 3,037           |  135          |  134         |  131        |  138          |
|     clip_weight                    | snn_top_hls.cpp:129 |    74           |               |              |             |               |
|     enqueue_learn_weight_update    | snn_top_hls.cpp:154 |   993           |               |              |             |               |
|    update_eligibility_on_pre_sp... | snn_top_hls.cpp:529 |   306           |               |              |             |               |
|  + process_post_spike_aer          | snn_top_hls.cpp:322 | 2,892           |  135          |  134         |  131        |  141          |
|     clip_weight                    | snn_top_hls.cpp:129 |    74           |               |              |             |               |
|     enqueue_learn_weight_update    | snn_top_hls.cpp:154 |   993           |               |              |             |               |
|    update_eligibility_on_post_s... | snn_top_hls.cpp:536 |   306           |               |              |             |               |
|  + apply_rstdp_reward              | snn_top_hls.cpp:410 | 2,905           |  152          |  151         |  146        |  155          |
|     clip_weight                    | snn_top_hls.cpp:129 |    74           |               |              |             |               |
|     enqueue_learn_weight_update    | snn_top_hls.cpp:154 |   993           |               |              |             |               |
|    decay_eligibility_traces        | snn_top_hls.cpp:502 |   415           |   21          |   21         |   21        |   30          |
+------------------------------------+---------------------+-----------------+---------------+--------------+-------------+---------------+

* Design Size Message Settings
+---------------------------------------------+--------+------------------------------------------------------------------+
| Message Setting                             | Value  | Description                                                      |
+---------------------------------------------+--------+------------------------------------------------------------------+
| config_compile -design_size_maximum_warning | 100000 | Show a warning when total design instructions exceeds this value |
+---------------------------------------------+--------+------------------------------------------------------------------+


