

================================================================
== Vitis HLS Report for 'decay_eligibility_traces'
================================================================
* Date:           Tue Jun  2 11:28:49 2026

* Version:        2025.2 (Build 6295257 on Nov 14 2025)
* Project:        hls_output
* Solution:       hls (Vivado IP Flow Target)
* Product family: zynq
* Target device:  xc7z020-clg400-2


================================================================
== Performance Estimates
================================================================
+ Timing: 
    * Summary: 
    +--------+----------+----------+------------+
    |  Clock |  Target  | Estimated| Uncertainty|
    +--------+----------+----------+------------+
    |ap_clk  |  10.00 ns|  4.816 ns|     2.70 ns|
    +--------+----------+----------+------------+

+ Latency: 
    * Summary: 
    +---------+---------+-----------+-----------+------+------+---------+
    |  Latency (cycles) |   Latency (absolute)  |   Interval  | Pipeline|
    |   min   |   max   |    min    |    max    |  min |  max |   Type  |
    +---------+---------+-----------+-----------+------+------+---------+
    |     4893|     4893|  48.930 us|  48.930 us|  4893|  4893|       no|
    +---------+---------+-----------+-----------+------+------+---------+

    + Detail: 
        * Instance: 
        +--------------------------------------------------------+----------------------------------------------+---------+---------+-----------+-----------+-----+-----+-------------------+
        |                                                        |                                              |  Latency (cycles) |   Latency (absolute)  |  Interval |      Pipeline     |
        |                        Instance                        |                    Module                    |   min   |   max   |    min    |    max    | min | max |        Type       |
        +--------------------------------------------------------+----------------------------------------------+---------+---------+-----------+-----------+-----+-----+-------------------+
        |grp_decay_eligibility_traces_Pipeline_DECAY_PRE_fu_18   |decay_eligibility_traces_Pipeline_DECAY_PRE   |     4892|     4892|  48.920 us|  48.920 us|    0|    0|  loop pipeline stp|
        |grp_decay_eligibility_traces_Pipeline_DECAY_POST_fu_24  |decay_eligibility_traces_Pipeline_DECAY_POST  |     4892|     4892|  48.920 us|  48.920 us|    0|    0|  loop pipeline stp|
        +--------------------------------------------------------+----------------------------------------------+---------+---------+-----------+-----------+-----+-----+-------------------+

        * Loop: 
        N/A



================================================================
== Utilization Estimates
================================================================
* Summary: 
+-----------------+---------+-----+--------+-------+-----+
|       Name      | BRAM_18K| DSP |   FF   |  LUT  | URAM|
+-----------------+---------+-----+--------+-------+-----+
|DSP              |        -|    -|       -|      -|    -|
|Expression       |        -|    -|       0|      1|    -|
|FIFO             |        -|    -|       -|      -|    -|
|Instance         |        -|    -|      58|    144|    -|
|Memory           |        -|    -|       -|      -|    -|
|Multiplexer      |        -|    -|       0|     13|    -|
|Register         |        -|    -|       4|      -|    -|
+-----------------+---------+-----+--------+-------+-----+
|Total            |        0|    0|      62|    158|    0|
+-----------------+---------+-----+--------+-------+-----+
|Available        |      280|  220|  106400|  53200|    0|
+-----------------+---------+-----+--------+-------+-----+
|Utilization (%)  |        0|    0|      ~0|     ~0|    0|
+-----------------+---------+-----+--------+-------+-----+

+ Detail: 
    * Instance: 
    +--------------------------------------------------------+----------------------------------------------+---------+----+----+----+-----+
    |                        Instance                        |                    Module                    | BRAM_18K| DSP| FF | LUT| URAM|
    +--------------------------------------------------------+----------------------------------------------+---------+----+----+----+-----+
    |grp_decay_eligibility_traces_Pipeline_DECAY_POST_fu_24  |decay_eligibility_traces_Pipeline_DECAY_POST  |        0|   0|  29|  72|    0|
    |grp_decay_eligibility_traces_Pipeline_DECAY_PRE_fu_18   |decay_eligibility_traces_Pipeline_DECAY_PRE   |        0|   0|  29|  72|    0|
    +--------------------------------------------------------+----------------------------------------------+---------+----+----+----+-----+
    |Total                                                   |                                              |        0|   0|  58| 144|    0|
    +--------------------------------------------------------+----------------------------------------------+---------+----+----+----+-----+

    * DSP: 
    N/A

    * Memory: 
    N/A

    * FIFO: 
    N/A

    * Expression: 
    +---------------------------------+----------+----+---+----+------------+------------+
    |          Variable Name          | Operation| DSP| FF| LUT| Bitwidth P0| Bitwidth P1|
    +---------------------------------+----------+----+---+----+------------+------------+
    |ap_block_state2_on_subcall_done  |        or|   0|  0|   1|           1|           1|
    +---------------------------------+----------+----+---+----+------------+------------+
    |Total                            |          |   0|  0|   1|           1|           1|
    +---------------------------------+----------+----+---+----+------------+------------+

    * Multiplexer: 
    +-----------+----+-----------+-----+-----------+
    |    Name   | LUT| Input Size| Bits| Total Bits|
    +-----------+----+-----------+-----+-----------+
    |ap_NS_fsm  |  13|          3|    1|          3|
    +-----------+----+-----------+-----+-----------+
    |Total      |  13|          3|    1|          3|
    +-----------+----+-----------+-----+-----------+

    * Register: 
    +---------------------------------------------------------------------+---+----+-----+-----------+
    |                                 Name                                | FF| LUT| Bits| Const Bits|
    +---------------------------------------------------------------------+---+----+-----+-----------+
    |ap_CS_fsm                                                            |  2|   0|    2|          0|
    |grp_decay_eligibility_traces_Pipeline_DECAY_POST_fu_24_ap_start_reg  |  1|   0|    1|          0|
    |grp_decay_eligibility_traces_Pipeline_DECAY_PRE_fu_18_ap_start_reg   |  1|   0|    1|          0|
    +---------------------------------------------------------------------+---+----+-----+-----------+
    |Total                                                                |  4|   0|    4|          0|
    +---------------------------------------------------------------------+---+----+-----+-----------+



================================================================
== Interface
================================================================
* Summary: 
+---------------------------+-----+-----+------------+--------------------------+--------------+
|         RTL Ports         | Dir | Bits|  Protocol  |       Source Object      |    C Type    |
+---------------------------+-----+-----+------------+--------------------------+--------------+
|ap_clk                     |   in|    1|  ap_ctrl_hs|  decay_eligibility_traces|  return value|
|ap_rst                     |   in|    1|  ap_ctrl_hs|  decay_eligibility_traces|  return value|
|ap_start                   |   in|    1|  ap_ctrl_hs|  decay_eligibility_traces|  return value|
|ap_done                    |  out|    1|  ap_ctrl_hs|  decay_eligibility_traces|  return value|
|ap_idle                    |  out|    1|  ap_ctrl_hs|  decay_eligibility_traces|  return value|
|ap_ready                   |  out|    1|  ap_ctrl_hs|  decay_eligibility_traces|  return value|
|pre_eligibility_address0   |  out|   13|   ap_memory|           pre_eligibility|         array|
|pre_eligibility_ce0        |  out|    1|   ap_memory|           pre_eligibility|         array|
|pre_eligibility_q0         |   in|    8|   ap_memory|           pre_eligibility|         array|
|pre_eligibility_address1   |  out|   13|   ap_memory|           pre_eligibility|         array|
|pre_eligibility_ce1        |  out|    1|   ap_memory|           pre_eligibility|         array|
|pre_eligibility_we1        |  out|    1|   ap_memory|           pre_eligibility|         array|
|pre_eligibility_d1         |  out|    8|   ap_memory|           pre_eligibility|         array|
|post_eligibility_address0  |  out|   13|   ap_memory|          post_eligibility|         array|
|post_eligibility_ce0       |  out|    1|   ap_memory|          post_eligibility|         array|
|post_eligibility_q0        |   in|    8|   ap_memory|          post_eligibility|         array|
|post_eligibility_address1  |  out|   13|   ap_memory|          post_eligibility|         array|
|post_eligibility_ce1       |  out|    1|   ap_memory|          post_eligibility|         array|
|post_eligibility_we1       |  out|    1|   ap_memory|          post_eligibility|         array|
|post_eligibility_d1        |  out|    8|   ap_memory|          post_eligibility|         array|
+---------------------------+-----+-----+------------+--------------------------+--------------+

