Copyright 1986-2022 Xilinx, Inc. All Rights Reserved. Copyright 2022-2025 Advanced Micro Devices, Inc. All Rights Reserved.
------------------------------------------------------------------------------------------------------------------------------------------------------------------------
| Tool Version : Vivado v.2025.2 (lin64) Build 6299465 Fri Nov 14 12:34:56 MST 2025
| Date         : Mon Jun  8 18:32:34 2026
| Host         : ym-ThinkSystem-ST558-7Y16CTO1WW running 64-bit Ubuntu 24.04.4 LTS
| Command      : report_timing_summary -file /home/ym/xilinx_project/Event-Driven-Spiking-Neural-Network-Accelerator-for-FPGA/outputs/snn_core_group_profile_timing.rpt
| Design       : snn_core_group_top
| Device       : 7z020-clg400
| Speed File   : -2  PRODUCTION 1.12 2019-11-22
| Design State : Routed
------------------------------------------------------------------------------------------------------------------------------------------------------------------------

Timing Summary Report

------------------------------------------------------------------------------------------------
| Timer Settings
| --------------
------------------------------------------------------------------------------------------------

  Enable Multi Corner Analysis               :  Yes
  Enable Pessimism Removal                   :  Yes
  Pessimism Removal Resolution               :  Nearest Common Node
  Enable Input Delay Default Clock           :  No
  Enable Preset / Clear Arcs                 :  No
  Disable Flight Delays                      :  No
  Ignore I/O Paths                           :  No
  Timing Early Launch at Borrowing Latches   :  No
  Borrow Time for Max Delay Exceptions       :  Yes
  Merge Timing Exceptions                    :  Yes
  Inter-SLR Compensation                     :  Conservative

  Corner  Analyze    Analyze    
  Name    Max Paths  Min Paths  
  ------  ---------  ---------  
  Slow    Yes        Yes        
  Fast    Yes        Yes        


------------------------------------------------------------------------------------------------
| Report Methodology
| ------------------
------------------------------------------------------------------------------------------------

Rule     Severity  Description                                 Violations  
-------  --------  ------------------------------------------  ----------  
LUTAR-1  Warning   LUT drives async reset alert                3           
SYNTH-6  Warning   Timing of a RAM block might be sub-optimal  96          

Note: This report is based on the most recent report_methodology run and may not be up-to-date. Run report_methodology on the current design for the latest report.



check_timing report

Table of Contents
-----------------
1. checking no_clock (0)
2. checking constant_clock (0)
3. checking pulse_width_clock (0)
4. checking unconstrained_internal_endpoints (0)
5. checking no_input_delay (0)
6. checking no_output_delay (0)
7. checking multiple_clock (0)
8. checking generated_clocks (0)
9. checking loops (0)
10. checking partial_input_delay (0)
11. checking partial_output_delay (0)
12. checking latch_loops (0)

1. checking no_clock (0)
------------------------
 There are 0 register/latch pins with no clock.


2. checking constant_clock (0)
------------------------------
 There are 0 register/latch pins with constant_clock.


3. checking pulse_width_clock (0)
---------------------------------
 There are 0 register/latch pins which need pulse_width check


4. checking unconstrained_internal_endpoints (0)
------------------------------------------------
 There are 0 pins that are not constrained for maximum delay.

 There are 0 pins that are not constrained for maximum delay due to constant clock.


5. checking no_input_delay (0)
------------------------------
 There are 0 input ports with no input delay specified.

 There are 0 input ports with no input delay but user has a false path constraint.


6. checking no_output_delay (0)
-------------------------------
 There are 0 ports with no output delay specified.

 There are 0 ports with no output delay but user has a false path constraint

 There are 0 ports with no output delay but with a timing clock defined on it or propagating through it


7. checking multiple_clock (0)
------------------------------
 There are 0 register/latch pins with multiple clocks.


8. checking generated_clocks (0)
--------------------------------
 There are 0 generated clocks that are not connected to a clock source.


9. checking loops (0)
---------------------
 There are 0 combinational loops in the design.


10. checking partial_input_delay (0)
------------------------------------
 There are 0 input ports with partial input delay specified.


11. checking partial_output_delay (0)
-------------------------------------
 There are 0 ports with partial output delay specified.


12. checking latch_loops (0)
----------------------------
 There are 0 combinational latch loops in the design through latch input



------------------------------------------------------------------------------------------------
| Design Timing Summary
| ---------------------
------------------------------------------------------------------------------------------------

    WNS(ns)      TNS(ns)  TNS Failing Endpoints  TNS Total Endpoints      WHS(ns)      THS(ns)  THS Failing Endpoints  THS Total Endpoints     WPWS(ns)     TPWS(ns)  TPWS Failing Endpoints  TPWS Total Endpoints  
    -------      -------  ---------------------  -------------------      -------      -------  ---------------------  -------------------     --------     --------  ----------------------  --------------------  
      0.475        0.000                      0                55914        0.036        0.000                      0                55914        3.870        0.000                       0                 17861  


All user specified timing constraints are met.


------------------------------------------------------------------------------------------------
| Clock Summary
| -------------
------------------------------------------------------------------------------------------------

Clock       Waveform(ns)       Period(ns)      Frequency(MHz)
-----       ------------       ----------      --------------
clk_fpga_0  {0.000 5.000}      10.000          100.000         


------------------------------------------------------------------------------------------------
| Intra Clock Table
| -----------------
------------------------------------------------------------------------------------------------

Clock             WNS(ns)      TNS(ns)  TNS Failing Endpoints  TNS Total Endpoints      WHS(ns)      THS(ns)  THS Failing Endpoints  THS Total Endpoints     WPWS(ns)     TPWS(ns)  TPWS Failing Endpoints  TPWS Total Endpoints  
-----             -------      -------  ---------------------  -------------------      -------      -------  ---------------------  -------------------     --------     --------  ----------------------  --------------------  
clk_fpga_0          0.475        0.000                      0                55818        0.036        0.000                      0                55818        3.870        0.000                       0                 17861  


------------------------------------------------------------------------------------------------
| Inter Clock Table
| -----------------
------------------------------------------------------------------------------------------------

From Clock    To Clock          WNS(ns)      TNS(ns)  TNS Failing Endpoints  TNS Total Endpoints      WHS(ns)      THS(ns)  THS Failing Endpoints  THS Total Endpoints  
----------    --------          -------      -------  ---------------------  -------------------      -------      -------  ---------------------  -------------------  


------------------------------------------------------------------------------------------------
| Other Path Groups Table
| -----------------------
------------------------------------------------------------------------------------------------

Path Group         From Clock         To Clock               WNS(ns)      TNS(ns)  TNS Failing Endpoints  TNS Total Endpoints      WHS(ns)      THS(ns)  THS Failing Endpoints  THS Total Endpoints  
----------         ----------         --------               -------      -------  ---------------------  -------------------      -------      -------  ---------------------  -------------------  
**async_default**  clk_fpga_0         clk_fpga_0               7.343        0.000                      0                   96        0.592        0.000                      0                   96  


------------------------------------------------------------------------------------------------
| Timing Details
| --------------
------------------------------------------------------------------------------------------------


---------------------------------------------------------------------------------------------------
From Clock:  clk_fpga_0
  To Clock:  clk_fpga_0

Setup :            0  Failing Endpoints,  Worst Slack        0.475ns,  Total Violation        0.000ns
Hold  :            0  Failing Endpoints,  Worst Slack        0.036ns,  Total Violation        0.000ns
PW    :            0  Failing Endpoints,  Worst Slack        3.870ns,  Total Violation        0.000ns
---------------------------------------------------------------------------------------------------


Max Delay Paths
--------------------------------------------------------------------------------------
Slack (MET) :             0.475ns  (required time - arrival time)
  Source:                 intra_weight_src_reg_reg[4]/C
                            (rising edge-triggered cell FDRE clocked by clk_fpga_0  {rise@0.000ns fall@5.000ns period=10.000ns})
  Destination:            gen_core_groups[13].u_core_group/wm_wr_addr_reg[11]/D
                            (rising edge-triggered cell FDRE clocked by clk_fpga_0  {rise@0.000ns fall@5.000ns period=10.000ns})
  Path Group:             clk_fpga_0
  Path Type:              Setup (Max at Slow Process Corner)
  Requirement:            10.000ns  (clk_fpga_0 rise@10.000ns - clk_fpga_0 rise@0.000ns)
  Data Path Delay:        9.292ns  (logic 0.495ns (5.327%)  route 8.797ns (94.673%))
  Logic Levels:           1  (LUT2=1)
  Clock Path Skew:        -0.185ns (DCD - SCD + CPR)
    Destination Clock Delay (DCD):    2.219ns = ( 12.219 - 10.000 ) 
    Source Clock Delay      (SCD):    2.512ns
    Clock Pessimism Removal (CPR):    0.109ns
  Clock Uncertainty:      0.154ns  ((TSJ^2 + TIJ^2)^1/2 + DJ) / 2 + PE
    Total System Jitter     (TSJ):    0.071ns
    Total Input Jitter      (TIJ):    0.300ns
    Discrete Jitter          (DJ):    0.000ns
    Phase Error              (PE):    0.000ns

    Location             Delay type                Incr(ns)  Path(ns)    Netlist Resource(s)
  -------------------------------------------------------------------    -------------------
                         (clock clk_fpga_0 rise edge)
                                                      0.000     0.000 r  
    PS7_X0Y0             PS7                          0.000     0.000 r  u_block_design/design_1_i/processing_system7_0/inst/PS7_i/FCLKCLK[0]
                         net (fo=1, routed)           0.994     0.994    u_block_design/design_1_i/processing_system7_0/inst/FCLK_CLK_unbuffered[0]
    BUFGCTRL_X0Y16       BUFG (Prop_bufg_I_O)         0.085     1.079 r  u_block_design/design_1_i/processing_system7_0/inst/buffer_fclk_clk_0.FCLK_CLK_0_BUFG/O
                         net (fo=17862, routed)       1.433     2.512    clk_100mhz
    SLICE_X65Y80         FDRE                                         r  intra_weight_src_reg_reg[4]/C
  -------------------------------------------------------------------    -------------------
    SLICE_X65Y80         FDRE (Prop_fdre_C_Q)         0.379     2.891 r  intra_weight_src_reg_reg[4]/Q
                         net (fo=16, routed)          8.797    11.688    gen_core_groups[13].u_core_group/D[11]
    SLICE_X34Y50         LUT2 (Prop_lut2_I0_O)        0.116    11.804 r  gen_core_groups[13].u_core_group/wm_wr_addr[11]_i_1__10/O
                         net (fo=1, routed)           0.000    11.804    gen_core_groups[13].u_core_group/combined_weight_src[13][4]
    SLICE_X34Y50         FDRE                                         r  gen_core_groups[13].u_core_group/wm_wr_addr_reg[11]/D
  -------------------------------------------------------------------    -------------------

                         (clock clk_fpga_0 rise edge)
                                                     10.000    10.000 r  
    PS7_X0Y0             PS7                          0.000    10.000 r  u_block_design/design_1_i/processing_system7_0/inst/PS7_i/FCLKCLK[0]
                         net (fo=1, routed)           0.905    10.906    u_block_design/design_1_i/processing_system7_0/inst/FCLK_CLK_unbuffered[0]
    BUFGCTRL_X0Y16       BUFG (Prop_bufg_I_O)         0.077    10.983 r  u_block_design/design_1_i/processing_system7_0/inst/buffer_fclk_clk_0.FCLK_CLK_0_BUFG/O
                         net (fo=17862, routed)       1.236    12.219    gen_core_groups[13].u_core_group/clk_100mhz
    SLICE_X34Y50         FDRE                                         r  gen_core_groups[13].u_core_group/wm_wr_addr_reg[11]/C
                         clock pessimism              0.109    12.327    
                         clock uncertainty           -0.154    12.173    
    SLICE_X34Y50         FDRE (Setup_fdre_C_D)        0.106    12.279    gen_core_groups[13].u_core_group/wm_wr_addr_reg[11]
  -------------------------------------------------------------------
                         required time                         12.279    
                         arrival time                         -11.804    
  -------------------------------------------------------------------
                         slack                                  0.475    





Min Delay Paths
--------------------------------------------------------------------------------------
Slack (MET) :             0.036ns  (arrival time - required time)
  Source:                 gen_core_groups[0].u_core_group/out_fifo_push_data_reg[0]/C
                            (rising edge-triggered cell FDRE clocked by clk_fpga_0  {rise@0.000ns fall@5.000ns period=10.000ns})
  Destination:            gen_core_groups[0].u_core_group/out_fifo_reg_0_63_0_2/RAMA/I
                            (rising edge-triggered cell RAMD64E clocked by clk_fpga_0  {rise@0.000ns fall@5.000ns period=10.000ns})
  Path Group:             clk_fpga_0
  Path Type:              Hold (Min at Fast Process Corner)
  Requirement:            0.000ns  (clk_fpga_0 rise@0.000ns - clk_fpga_0 rise@0.000ns)
  Data Path Delay:        0.196ns  (logic 0.141ns (71.838%)  route 0.055ns (28.162%))
  Logic Levels:           0  
  Clock Path Skew:        0.013ns (DCD - SCD - CPR)
    Destination Clock Delay (DCD):    1.191ns
    Source Clock Delay      (SCD):    0.895ns
    Clock Pessimism Removal (CPR):    0.283ns

    Location             Delay type                Incr(ns)  Path(ns)    Netlist Resource(s)
  -------------------------------------------------------------------    -------------------
                         (clock clk_fpga_0 rise edge)
                                                      0.000     0.000 r  
    PS7_X0Y0             PS7                          0.000     0.000 r  u_block_design/design_1_i/processing_system7_0/inst/PS7_i/FCLKCLK[0]
                         net (fo=1, routed)           0.310     0.310    u_block_design/design_1_i/processing_system7_0/inst/FCLK_CLK_unbuffered[0]
    BUFGCTRL_X0Y16       BUFG (Prop_bufg_I_O)         0.026     0.336 r  u_block_design/design_1_i/processing_system7_0/inst/buffer_fclk_clk_0.FCLK_CLK_0_BUFG/O
                         net (fo=17862, routed)       0.559     0.895    gen_core_groups[0].u_core_group/clk_100mhz
    SLICE_X47Y37         FDRE                                         r  gen_core_groups[0].u_core_group/out_fifo_push_data_reg[0]/C
  -------------------------------------------------------------------    -------------------
    SLICE_X47Y37         FDRE (Prop_fdre_C_Q)         0.141     1.036 r  gen_core_groups[0].u_core_group/out_fifo_push_data_reg[0]/Q
                         net (fo=1, routed)           0.055     1.091    gen_core_groups[0].u_core_group/out_fifo_reg_0_63_0_2/DIA
    SLICE_X46Y37         RAMD64E                                      r  gen_core_groups[0].u_core_group/out_fifo_reg_0_63_0_2/RAMA/I
  -------------------------------------------------------------------    -------------------

                         (clock clk_fpga_0 rise edge)
                                                      0.000     0.000 r  
    PS7_X0Y0             PS7                          0.000     0.000 r  u_block_design/design_1_i/processing_system7_0/inst/PS7_i/FCLKCLK[0]
                         net (fo=1, routed)           0.337     0.337    u_block_design/design_1_i/processing_system7_0/inst/FCLK_CLK_unbuffered[0]
    BUFGCTRL_X0Y16       BUFG (Prop_bufg_I_O)         0.029     0.366 r  u_block_design/design_1_i/processing_system7_0/inst/buffer_fclk_clk_0.FCLK_CLK_0_BUFG/O
                         net (fo=17862, routed)       0.825     1.191    gen_core_groups[0].u_core_group/out_fifo_reg_0_63_0_2/WCLK
    SLICE_X46Y37         RAMD64E                                      r  gen_core_groups[0].u_core_group/out_fifo_reg_0_63_0_2/RAMA/CLK
                         clock pessimism             -0.283     0.908    
    SLICE_X46Y37         RAMD64E (Hold_ramd64e_CLK_I)
                                                      0.147     1.054    gen_core_groups[0].u_core_group/out_fifo_reg_0_63_0_2/RAMA
  -------------------------------------------------------------------
                         required time                         -1.054    
                         arrival time                           1.091    
  -------------------------------------------------------------------
                         slack                                  0.036    





Pulse Width Checks
--------------------------------------------------------------------------------------
Clock Name:         clk_fpga_0
Waveform(ns):       { 0.000 5.000 }
Period(ns):         10.000
Sources:            { u_block_design/design_1_i/processing_system7_0/inst/PS7_i/FCLKCLK[0] }

Check Type        Corner  Lib Pin             Reference Pin  Required(ns)  Actual(ns)  Slack(ns)  Location      Pin
Min Period        n/a     RAMB18E1/CLKARDCLK  n/a            2.472         10.000      7.528      RAMB18_X3Y12  gen_core_groups[0].u_core_group/neuron_state_mem_reg/CLKARDCLK
Low Pulse Width   Slow    RAMD64E/CLK         n/a            1.130         5.000       3.870      SLICE_X46Y37  gen_core_groups[0].u_core_group/out_fifo_reg_0_63_0_2/RAMA/CLK
High Pulse Width  Slow    RAMD64E/CLK         n/a            1.130         5.000       3.870      SLICE_X46Y37  gen_core_groups[0].u_core_group/out_fifo_reg_0_63_0_2/RAMA/CLK



---------------------------------------------------------------------------------------------------
Path Group:  **async_default**
From Clock:  clk_fpga_0
  To Clock:  clk_fpga_0

Setup :            0  Failing Endpoints,  Worst Slack        7.343ns,  Total Violation        0.000ns
Hold  :            0  Failing Endpoints,  Worst Slack        0.592ns,  Total Violation        0.000ns
---------------------------------------------------------------------------------------------------


Max Delay Paths
--------------------------------------------------------------------------------------
Slack (MET) :             7.343ns  (required time - arrival time)
  Source:                 snn_core_group_top/design_1_wrapper/design_1/design_1_axi_interconnect_hp0_0/s01_couplers_imp_12AUBLP/design_1_axi_interconnect_hp0_imp_auto_pc_1/design_1_axi_interconnect_hp0_imp_auto_pc_1_axi_protocol_converter_v2_1_37_axi_protocol_converter/design_1_axi_interconnect_hp0_imp_auto_pc_1_axi_protocol_converter_v2_1_37_axi3_conv/design_1_axi_interconnect_hp0_imp_auto_pc_1_axi_protocol_converter_v2_1_37_a_axi3_conv/design_1_axi_interconnect_hp0_imp_auto_pc_1_axi_data_fifo_v2_1_36_axic_fifo/design_1_axi_interconnect_hp0_imp_auto_pc_1_axi_data_fifo_v2_1_36_fifo_gen_1/<hidden>/<hidden>/<hidden>/<hidden>/<hidden>
                            (rising edge-triggered cell FDRE clocked by clk_fpga_0  {rise@0.000ns fall@5.000ns period=10.000ns})
  Destination:            snn_core_group_top/design_1_wrapper/design_1/design_1_axi_interconnect_hp0_0/s01_couplers_imp_12AUBLP/design_1_axi_interconnect_hp0_imp_auto_pc_1/design_1_axi_interconnect_hp0_imp_auto_pc_1_axi_protocol_converter_v2_1_37_axi_protocol_converter/design_1_axi_interconnect_hp0_imp_auto_pc_1_axi_protocol_converter_v2_1_37_axi3_conv/design_1_axi_interconnect_hp0_imp_auto_pc_1_axi_protocol_converter_v2_1_37_a_axi3_conv/design_1_axi_interconnect_hp0_imp_auto_pc_1_axi_data_fifo_v2_1_36_axic_fifo/design_1_axi_interconnect_hp0_imp_auto_pc_1_axi_data_fifo_v2_1_36_fifo_gen_1/<hidden>/<hidden>/<hidden>/<hidden>/<hidden>/<hidden>
                            (recovery check against rising-edge clock clk_fpga_0  {rise@0.000ns fall@5.000ns period=10.000ns})
  Path Group:             **async_default**
  Path Type:              Recovery (Max at Slow Process Corner)
  Requirement:            10.000ns  (clk_fpga_0 rise@10.000ns - clk_fpga_0 rise@0.000ns)
  Data Path Delay:        2.113ns  (logic 0.588ns (27.833%)  route 1.525ns (72.167%))
  Logic Levels:           1  (LUT3=1)
  Clock Path Skew:        -0.059ns (DCD - SCD + CPR)
    Destination Clock Delay (DCD):    2.216ns = ( 12.216 - 10.000 ) 
    Source Clock Delay      (SCD):    2.467ns
    Clock Pessimism Removal (CPR):    0.192ns
  Clock Uncertainty:      0.154ns  ((TSJ^2 + TIJ^2)^1/2 + DJ) / 2 + PE
    Total System Jitter     (TSJ):    0.071ns
    Total Input Jitter      (TIJ):    0.300ns
    Discrete Jitter          (DJ):    0.000ns
    Phase Error              (PE):    0.000ns

    Location             Delay type                Incr(ns)  Path(ns)    Netlist Resource(s)
  -------------------------------------------------------------------    -------------------
                         (clock clk_fpga_0 rise edge)
                                                      0.000     0.000 r  
    PS7_X0Y0             PS7                          0.000     0.000 r  u_block_design/design_1_i/processing_system7_0/inst/PS7_i/FCLKCLK[0]
                         net (fo=1, routed)           0.994     0.994    u_block_design/design_1_i/processing_system7_0/inst/FCLK_CLK_unbuffered[0]
    BUFGCTRL_X0Y16       BUFG (Prop_bufg_I_O)         0.085     1.079 r  u_block_design/design_1_i/processing_system7_0/inst/buffer_fclk_clk_0.FCLK_CLK_0_BUFG/O
                         net (fo=17862, routed)       1.388     2.467    snn_core_group_top/design_1_wrapper/design_1/design_1_axi_interconnect_hp0_0/s01_couplers_imp_12AUBLP/design_1_axi_interconnect_hp0_imp_auto_pc_1/design_1_axi_interconnect_hp0_imp_auto_pc_1_axi_protocol_converter_v2_1_37_axi_protocol_converter/design_1_axi_interconnect_hp0_imp_auto_pc_1_axi_protocol_converter_v2_1_37_axi3_conv/design_1_axi_interconnect_hp0_imp_auto_pc_1_axi_protocol_converter_v2_1_37_a_axi3_conv/design_1_axi_interconnect_hp0_imp_auto_pc_1_axi_data_fifo_v2_1_36_axic_fifo/design_1_axi_interconnect_hp0_imp_auto_pc_1_axi_data_fifo_v2_1_36_fifo_gen_1/<hidden>/<hidden>/<hidden>/<hidden>/<hidden>
    SLICE_X37Y60         FDRE                                         r  snn_core_group_top/design_1_wrapper/design_1/design_1_axi_interconnect_hp0_0/s01_couplers_imp_12AUBLP/design_1_axi_interconnect_hp0_imp_auto_pc_1/design_1_axi_interconnect_hp0_imp_auto_pc_1_axi_protocol_converter_v2_1_37_axi_protocol_converter/design_1_axi_interconnect_hp0_imp_auto_pc_1_axi_protocol_converter_v2_1_37_axi3_conv/design_1_axi_interconnect_hp0_imp_auto_pc_1_axi_protocol_converter_v2_1_37_a_axi3_conv/design_1_axi_interconnect_hp0_imp_auto_pc_1_axi_data_fifo_v2_1_36_axic_fifo/design_1_axi_interconnect_hp0_imp_auto_pc_1_axi_data_fifo_v2_1_36_fifo_gen_1/<hidden>/<hidden>/<hidden>/<hidden>/<hidden>
  -------------------------------------------------------------------    -------------------
    SLICE_X37Y60         FDRE (Prop_fdre_C_Q)         0.348     2.815 f  snn_core_group_top/design_1_wrapper/design_1/design_1_axi_interconnect_hp0_0/s01_couplers_imp_12AUBLP/design_1_axi_interconnect_hp0_imp_auto_pc_1/design_1_axi_interconnect_hp0_imp_auto_pc_1_axi_protocol_converter_v2_1_37_axi_protocol_converter/design_1_axi_interconnect_hp0_imp_auto_pc_1_axi_protocol_converter_v2_1_37_axi3_conv/design_1_axi_interconnect_hp0_imp_auto_pc_1_axi_protocol_converter_v2_1_37_a_axi3_conv/design_1_axi_interconnect_hp0_imp_auto_pc_1_axi_data_fifo_v2_1_36_axic_fifo/design_1_axi_interconnect_hp0_imp_auto_pc_1_axi_data_fifo_v2_1_36_fifo_gen_1/<hidden>/<hidden>/<hidden>/<hidden>/<hidden>
                         net (fo=2, routed)           0.675     3.490    snn_core_group_top/design_1_wrapper/design_1/design_1_axi_interconnect_hp0_0/s01_couplers_imp_12AUBLP/design_1_axi_interconnect_hp0_imp_auto_pc_1/design_1_axi_interconnect_hp0_imp_auto_pc_1_axi_protocol_converter_v2_1_37_axi_protocol_converter/design_1_axi_interconnect_hp0_imp_auto_pc_1_axi_protocol_converter_v2_1_37_axi3_conv/design_1_axi_interconnect_hp0_imp_auto_pc_1_axi_protocol_converter_v2_1_37_a_axi3_conv/design_1_axi_interconnect_hp0_imp_auto_pc_1_axi_data_fifo_v2_1_36_axic_fifo/design_1_axi_interconnect_hp0_imp_auto_pc_1_axi_data_fifo_v2_1_36_fifo_gen_1/<hidden>/<hidden>/<hidden>/<hidden>/<hidden>
    SLICE_X37Y61         LUT3 (Prop_lut3_I0_O)        0.240     3.730 f  snn_core_group_top/design_1_wrapper/design_1/design_1_axi_interconnect_hp0_0/s01_couplers_imp_12AUBLP/design_1_axi_interconnect_hp0_imp_auto_pc_1/design_1_axi_interconnect_hp0_imp_auto_pc_1_axi_protocol_converter_v2_1_37_axi_protocol_converter/design_1_axi_interconnect_hp0_imp_auto_pc_1_axi_protocol_converter_v2_1_37_axi3_conv/design_1_axi_interconnect_hp0_imp_auto_pc_1_axi_protocol_converter_v2_1_37_a_axi3_conv/design_1_axi_interconnect_hp0_imp_auto_pc_1_axi_data_fifo_v2_1_36_axic_fifo/design_1_axi_interconnect_hp0_imp_auto_pc_1_axi_data_fifo_v2_1_36_fifo_gen_1/<hidden>/<hidden>/<hidden>/<hidden>/<hidden>
                         net (fo=32, routed)          0.850     4.580    snn_core_group_top/design_1_wrapper/design_1/design_1_axi_interconnect_hp0_0/s01_couplers_imp_12AUBLP/design_1_axi_interconnect_hp0_imp_auto_pc_1/design_1_axi_interconnect_hp0_imp_auto_pc_1_axi_protocol_converter_v2_1_37_axi_protocol_converter/design_1_axi_interconnect_hp0_imp_auto_pc_1_axi_protocol_converter_v2_1_37_axi3_conv/design_1_axi_interconnect_hp0_imp_auto_pc_1_axi_protocol_converter_v2_1_37_a_axi3_conv/design_1_axi_interconnect_hp0_imp_auto_pc_1_axi_data_fifo_v2_1_36_axic_fifo/design_1_axi_interconnect_hp0_imp_auto_pc_1_axi_data_fifo_v2_1_36_fifo_gen_1/<hidden>/<hidden>/<hidden>/<hidden>/<hidden>/<hidden>
    SLICE_X35Y62         FDCE                                         f  snn_core_group_top/design_1_wrapper/design_1/design_1_axi_interconnect_hp0_0/s01_couplers_imp_12AUBLP/design_1_axi_interconnect_hp0_imp_auto_pc_1/design_1_axi_interconnect_hp0_imp_auto_pc_1_axi_protocol_converter_v2_1_37_axi_protocol_converter/design_1_axi_interconnect_hp0_imp_auto_pc_1_axi_protocol_converter_v2_1_37_axi3_conv/design_1_axi_interconnect_hp0_imp_auto_pc_1_axi_protocol_converter_v2_1_37_a_axi3_conv/design_1_axi_interconnect_hp0_imp_auto_pc_1_axi_data_fifo_v2_1_36_axic_fifo/design_1_axi_interconnect_hp0_imp_auto_pc_1_axi_data_fifo_v2_1_36_fifo_gen_1/<hidden>/<hidden>/<hidden>/<hidden>/<hidden>/<hidden>
  -------------------------------------------------------------------    -------------------

                         (clock clk_fpga_0 rise edge)
                                                     10.000    10.000 r  
    PS7_X0Y0             PS7                          0.000    10.000 r  u_block_design/design_1_i/processing_system7_0/inst/PS7_i/FCLKCLK[0]
                         net (fo=1, routed)           0.905    10.906    u_block_design/design_1_i/processing_system7_0/inst/FCLK_CLK_unbuffered[0]
    BUFGCTRL_X0Y16       BUFG (Prop_bufg_I_O)         0.077    10.983 r  u_block_design/design_1_i/processing_system7_0/inst/buffer_fclk_clk_0.FCLK_CLK_0_BUFG/O
                         net (fo=17862, routed)       1.233    12.216    snn_core_group_top/design_1_wrapper/design_1/design_1_axi_interconnect_hp0_0/s01_couplers_imp_12AUBLP/design_1_axi_interconnect_hp0_imp_auto_pc_1/design_1_axi_interconnect_hp0_imp_auto_pc_1_axi_protocol_converter_v2_1_37_axi_protocol_converter/design_1_axi_interconnect_hp0_imp_auto_pc_1_axi_protocol_converter_v2_1_37_axi3_conv/design_1_axi_interconnect_hp0_imp_auto_pc_1_axi_protocol_converter_v2_1_37_a_axi3_conv/design_1_axi_interconnect_hp0_imp_auto_pc_1_axi_data_fifo_v2_1_36_axic_fifo/design_1_axi_interconnect_hp0_imp_auto_pc_1_axi_data_fifo_v2_1_36_fifo_gen_1/<hidden>/<hidden>/<hidden>/<hidden>/<hidden>/<hidden>
    SLICE_X35Y62         FDCE                                         r  snn_core_group_top/design_1_wrapper/design_1/design_1_axi_interconnect_hp0_0/s01_couplers_imp_12AUBLP/design_1_axi_interconnect_hp0_imp_auto_pc_1/design_1_axi_interconnect_hp0_imp_auto_pc_1_axi_protocol_converter_v2_1_37_axi_protocol_converter/design_1_axi_interconnect_hp0_imp_auto_pc_1_axi_protocol_converter_v2_1_37_axi3_conv/design_1_axi_interconnect_hp0_imp_auto_pc_1_axi_protocol_converter_v2_1_37_a_axi3_conv/design_1_axi_interconnect_hp0_imp_auto_pc_1_axi_data_fifo_v2_1_36_axic_fifo/design_1_axi_interconnect_hp0_imp_auto_pc_1_axi_data_fifo_v2_1_36_fifo_gen_1/<hidden>/<hidden>/<hidden>/<hidden>/<hidden>/<hidden>
                         clock pessimism              0.192    12.408    
                         clock uncertainty           -0.154    12.254    
    SLICE_X35Y62         FDCE (Recov_fdce_C_CLR)     -0.331    11.923    snn_core_group_top/design_1_wrapper/design_1/design_1_axi_interconnect_hp0_0/s01_couplers_imp_12AUBLP/design_1_axi_interconnect_hp0_imp_auto_pc_1/design_1_axi_interconnect_hp0_imp_auto_pc_1_axi_protocol_converter_v2_1_37_axi_protocol_converter/design_1_axi_interconnect_hp0_imp_auto_pc_1_axi_protocol_converter_v2_1_37_axi3_conv/design_1_axi_interconnect_hp0_imp_auto_pc_1_axi_protocol_converter_v2_1_37_a_axi3_conv/design_1_axi_interconnect_hp0_imp_auto_pc_1_axi_data_fifo_v2_1_36_axic_fifo/design_1_axi_interconnect_hp0_imp_auto_pc_1_axi_data_fifo_v2_1_36_fifo_gen_1/<hidden>/<hidden>/<hidden>/<hidden>/<hidden>/<hidden>
  -------------------------------------------------------------------
                         required time                         11.923    
                         arrival time                          -4.580    
  -------------------------------------------------------------------
                         slack                                  7.343    





Min Delay Paths
--------------------------------------------------------------------------------------
Slack (MET) :             0.592ns  (arrival time - required time)
  Source:                 snn_core_group_top/design_1_wrapper/design_1/design_1_axi_interconnect_hp0_0/s01_couplers_imp_12AUBLP/design_1_axi_interconnect_hp0_imp_auto_pc_1/design_1_axi_interconnect_hp0_imp_auto_pc_1_axi_protocol_converter_v2_1_37_axi_protocol_converter/design_1_axi_interconnect_hp0_imp_auto_pc_1_axi_protocol_converter_v2_1_37_axi3_conv/design_1_axi_interconnect_hp0_imp_auto_pc_1_axi_protocol_converter_v2_1_37_a_axi3_conv/design_1_axi_interconnect_hp0_imp_auto_pc_1_axi_data_fifo_v2_1_36_axic_fifo/design_1_axi_interconnect_hp0_imp_auto_pc_1_axi_data_fifo_v2_1_36_fifo_gen_1/<hidden>/<hidden>/<hidden>/<hidden>/<hidden>
                            (rising edge-triggered cell FDRE clocked by clk_fpga_0  {rise@0.000ns fall@5.000ns period=10.000ns})
  Destination:            snn_core_group_top/design_1_wrapper/design_1/design_1_axi_interconnect_hp0_0/s01_couplers_imp_12AUBLP/design_1_axi_interconnect_hp0_imp_auto_pc_1/design_1_axi_interconnect_hp0_imp_auto_pc_1_axi_protocol_converter_v2_1_37_axi_protocol_converter/design_1_axi_interconnect_hp0_imp_auto_pc_1_axi_protocol_converter_v2_1_37_axi3_conv/design_1_axi_interconnect_hp0_imp_auto_pc_1_axi_protocol_converter_v2_1_37_a_axi3_conv/design_1_axi_interconnect_hp0_imp_auto_pc_1_axi_data_fifo_v2_1_36_axic_fifo/design_1_axi_interconnect_hp0_imp_auto_pc_1_axi_data_fifo_v2_1_36_fifo_gen_1/<hidden>/<hidden>/<hidden>/<hidden>/<hidden>/<hidden>
                            (removal check against rising-edge clock clk_fpga_0  {rise@0.000ns fall@5.000ns period=10.000ns})
  Path Group:             **async_default**
  Path Type:              Removal (Min at Fast Process Corner)
  Requirement:            0.000ns  (clk_fpga_0 rise@0.000ns - clk_fpga_0 rise@0.000ns)
  Data Path Delay:        0.541ns  (logic 0.186ns (34.408%)  route 0.355ns (65.592%))
  Logic Levels:           1  (LUT3=1)
  Clock Path Skew:        0.016ns (DCD - SCD - CPR)
    Destination Clock Delay (DCD):    1.188ns
    Source Clock Delay      (SCD):    0.890ns
    Clock Pessimism Removal (CPR):    0.282ns

    Location             Delay type                Incr(ns)  Path(ns)    Netlist Resource(s)
  -------------------------------------------------------------------    -------------------
                         (clock clk_fpga_0 rise edge)
                                                      0.000     0.000 r  
    PS7_X0Y0             PS7                          0.000     0.000 r  u_block_design/design_1_i/processing_system7_0/inst/PS7_i/FCLKCLK[0]
                         net (fo=1, routed)           0.310     0.310    u_block_design/design_1_i/processing_system7_0/inst/FCLK_CLK_unbuffered[0]
    BUFGCTRL_X0Y16       BUFG (Prop_bufg_I_O)         0.026     0.336 r  u_block_design/design_1_i/processing_system7_0/inst/buffer_fclk_clk_0.FCLK_CLK_0_BUFG/O
                         net (fo=17862, routed)       0.554     0.890    snn_core_group_top/design_1_wrapper/design_1/design_1_axi_interconnect_hp0_0/s01_couplers_imp_12AUBLP/design_1_axi_interconnect_hp0_imp_auto_pc_1/design_1_axi_interconnect_hp0_imp_auto_pc_1_axi_protocol_converter_v2_1_37_axi_protocol_converter/design_1_axi_interconnect_hp0_imp_auto_pc_1_axi_protocol_converter_v2_1_37_axi3_conv/design_1_axi_interconnect_hp0_imp_auto_pc_1_axi_protocol_converter_v2_1_37_a_axi3_conv/design_1_axi_interconnect_hp0_imp_auto_pc_1_axi_data_fifo_v2_1_36_axic_fifo/design_1_axi_interconnect_hp0_imp_auto_pc_1_axi_data_fifo_v2_1_36_fifo_gen_1/<hidden>/<hidden>/<hidden>/<hidden>/<hidden>
    SLICE_X37Y60         FDRE                                         r  snn_core_group_top/design_1_wrapper/design_1/design_1_axi_interconnect_hp0_0/s01_couplers_imp_12AUBLP/design_1_axi_interconnect_hp0_imp_auto_pc_1/design_1_axi_interconnect_hp0_imp_auto_pc_1_axi_protocol_converter_v2_1_37_axi_protocol_converter/design_1_axi_interconnect_hp0_imp_auto_pc_1_axi_protocol_converter_v2_1_37_axi3_conv/design_1_axi_interconnect_hp0_imp_auto_pc_1_axi_protocol_converter_v2_1_37_a_axi3_conv/design_1_axi_interconnect_hp0_imp_auto_pc_1_axi_data_fifo_v2_1_36_axic_fifo/design_1_axi_interconnect_hp0_imp_auto_pc_1_axi_data_fifo_v2_1_36_fifo_gen_1/<hidden>/<hidden>/<hidden>/<hidden>/<hidden>
  -------------------------------------------------------------------    -------------------
    SLICE_X37Y60         FDRE (Prop_fdre_C_Q)         0.141     1.031 f  snn_core_group_top/design_1_wrapper/design_1/design_1_axi_interconnect_hp0_0/s01_couplers_imp_12AUBLP/design_1_axi_interconnect_hp0_imp_auto_pc_1/design_1_axi_interconnect_hp0_imp_auto_pc_1_axi_protocol_converter_v2_1_37_axi_protocol_converter/design_1_axi_interconnect_hp0_imp_auto_pc_1_axi_protocol_converter_v2_1_37_axi3_conv/design_1_axi_interconnect_hp0_imp_auto_pc_1_axi_protocol_converter_v2_1_37_a_axi3_conv/design_1_axi_interconnect_hp0_imp_auto_pc_1_axi_data_fifo_v2_1_36_axic_fifo/design_1_axi_interconnect_hp0_imp_auto_pc_1_axi_data_fifo_v2_1_36_fifo_gen_1/<hidden>/<hidden>/<hidden>/<hidden>/<hidden>
                         net (fo=3, routed)           0.231     1.261    snn_core_group_top/design_1_wrapper/design_1/design_1_axi_interconnect_hp0_0/s01_couplers_imp_12AUBLP/design_1_axi_interconnect_hp0_imp_auto_pc_1/design_1_axi_interconnect_hp0_imp_auto_pc_1_axi_protocol_converter_v2_1_37_axi_protocol_converter/design_1_axi_interconnect_hp0_imp_auto_pc_1_axi_protocol_converter_v2_1_37_axi3_conv/design_1_axi_interconnect_hp0_imp_auto_pc_1_axi_protocol_converter_v2_1_37_a_axi3_conv/design_1_axi_interconnect_hp0_imp_auto_pc_1_axi_data_fifo_v2_1_36_axic_fifo/design_1_axi_interconnect_hp0_imp_auto_pc_1_axi_data_fifo_v2_1_36_fifo_gen_1/<hidden>/<hidden>/<hidden>/<hidden>/<hidden>
    SLICE_X37Y61         LUT3 (Prop_lut3_I1_O)        0.045     1.306 f  snn_core_group_top/design_1_wrapper/design_1/design_1_axi_interconnect_hp0_0/s01_couplers_imp_12AUBLP/design_1_axi_interconnect_hp0_imp_auto_pc_1/design_1_axi_interconnect_hp0_imp_auto_pc_1_axi_protocol_converter_v2_1_37_axi_protocol_converter/design_1_axi_interconnect_hp0_imp_auto_pc_1_axi_protocol_converter_v2_1_37_axi3_conv/design_1_axi_interconnect_hp0_imp_auto_pc_1_axi_protocol_converter_v2_1_37_a_axi3_conv/design_1_axi_interconnect_hp0_imp_auto_pc_1_axi_data_fifo_v2_1_36_axic_fifo/design_1_axi_interconnect_hp0_imp_auto_pc_1_axi_data_fifo_v2_1_36_fifo_gen_1/<hidden>/<hidden>/<hidden>/<hidden>/<hidden>
                         net (fo=32, routed)          0.124     1.430    snn_core_group_top/design_1_wrapper/design_1/design_1_axi_interconnect_hp0_0/s01_couplers_imp_12AUBLP/design_1_axi_interconnect_hp0_imp_auto_pc_1/design_1_axi_interconnect_hp0_imp_auto_pc_1_axi_protocol_converter_v2_1_37_axi_protocol_converter/design_1_axi_interconnect_hp0_imp_auto_pc_1_axi_protocol_converter_v2_1_37_axi3_conv/design_1_axi_interconnect_hp0_imp_auto_pc_1_axi_protocol_converter_v2_1_37_a_axi3_conv/design_1_axi_interconnect_hp0_imp_auto_pc_1_axi_data_fifo_v2_1_36_axic_fifo/design_1_axi_interconnect_hp0_imp_auto_pc_1_axi_data_fifo_v2_1_36_fifo_gen_1/<hidden>/<hidden>/<hidden>/<hidden>/<hidden>/<hidden>
    SLICE_X36Y61         FDCE                                         f  snn_core_group_top/design_1_wrapper/design_1/design_1_axi_interconnect_hp0_0/s01_couplers_imp_12AUBLP/design_1_axi_interconnect_hp0_imp_auto_pc_1/design_1_axi_interconnect_hp0_imp_auto_pc_1_axi_protocol_converter_v2_1_37_axi_protocol_converter/design_1_axi_interconnect_hp0_imp_auto_pc_1_axi_protocol_converter_v2_1_37_axi3_conv/design_1_axi_interconnect_hp0_imp_auto_pc_1_axi_protocol_converter_v2_1_37_a_axi3_conv/design_1_axi_interconnect_hp0_imp_auto_pc_1_axi_data_fifo_v2_1_36_axic_fifo/design_1_axi_interconnect_hp0_imp_auto_pc_1_axi_data_fifo_v2_1_36_fifo_gen_1/<hidden>/<hidden>/<hidden>/<hidden>/<hidden>/<hidden>
  -------------------------------------------------------------------    -------------------

                         (clock clk_fpga_0 rise edge)
                                                      0.000     0.000 r  
    PS7_X0Y0             PS7                          0.000     0.000 r  u_block_design/design_1_i/processing_system7_0/inst/PS7_i/FCLKCLK[0]
                         net (fo=1, routed)           0.337     0.337    u_block_design/design_1_i/processing_system7_0/inst/FCLK_CLK_unbuffered[0]
    BUFGCTRL_X0Y16       BUFG (Prop_bufg_I_O)         0.029     0.366 r  u_block_design/design_1_i/processing_system7_0/inst/buffer_fclk_clk_0.FCLK_CLK_0_BUFG/O
                         net (fo=17862, routed)       0.822     1.188    snn_core_group_top/design_1_wrapper/design_1/design_1_axi_interconnect_hp0_0/s01_couplers_imp_12AUBLP/design_1_axi_interconnect_hp0_imp_auto_pc_1/design_1_axi_interconnect_hp0_imp_auto_pc_1_axi_protocol_converter_v2_1_37_axi_protocol_converter/design_1_axi_interconnect_hp0_imp_auto_pc_1_axi_protocol_converter_v2_1_37_axi3_conv/design_1_axi_interconnect_hp0_imp_auto_pc_1_axi_protocol_converter_v2_1_37_a_axi3_conv/design_1_axi_interconnect_hp0_imp_auto_pc_1_axi_data_fifo_v2_1_36_axic_fifo/design_1_axi_interconnect_hp0_imp_auto_pc_1_axi_data_fifo_v2_1_36_fifo_gen_1/<hidden>/<hidden>/<hidden>/<hidden>/<hidden>/<hidden>
    SLICE_X36Y61         FDCE                                         r  snn_core_group_top/design_1_wrapper/design_1/design_1_axi_interconnect_hp0_0/s01_couplers_imp_12AUBLP/design_1_axi_interconnect_hp0_imp_auto_pc_1/design_1_axi_interconnect_hp0_imp_auto_pc_1_axi_protocol_converter_v2_1_37_axi_protocol_converter/design_1_axi_interconnect_hp0_imp_auto_pc_1_axi_protocol_converter_v2_1_37_axi3_conv/design_1_axi_interconnect_hp0_imp_auto_pc_1_axi_protocol_converter_v2_1_37_a_axi3_conv/design_1_axi_interconnect_hp0_imp_auto_pc_1_axi_data_fifo_v2_1_36_axic_fifo/design_1_axi_interconnect_hp0_imp_auto_pc_1_axi_data_fifo_v2_1_36_fifo_gen_1/<hidden>/<hidden>/<hidden>/<hidden>/<hidden>/<hidden>
                         clock pessimism             -0.282     0.906    
    SLICE_X36Y61         FDCE (Remov_fdce_C_CLR)     -0.067     0.839    snn_core_group_top/design_1_wrapper/design_1/design_1_axi_interconnect_hp0_0/s01_couplers_imp_12AUBLP/design_1_axi_interconnect_hp0_imp_auto_pc_1/design_1_axi_interconnect_hp0_imp_auto_pc_1_axi_protocol_converter_v2_1_37_axi_protocol_converter/design_1_axi_interconnect_hp0_imp_auto_pc_1_axi_protocol_converter_v2_1_37_axi3_conv/design_1_axi_interconnect_hp0_imp_auto_pc_1_axi_protocol_converter_v2_1_37_a_axi3_conv/design_1_axi_interconnect_hp0_imp_auto_pc_1_axi_data_fifo_v2_1_36_axic_fifo/design_1_axi_interconnect_hp0_imp_auto_pc_1_axi_data_fifo_v2_1_36_fifo_gen_1/<hidden>/<hidden>/<hidden>/<hidden>/<hidden>/<hidden>
  -------------------------------------------------------------------
                         required time                         -0.839    
                         arrival time                           1.430    
  -------------------------------------------------------------------
                         slack                                  0.592    





