Copyright 1986-2022 Xilinx, Inc. All Rights Reserved. Copyright 2022-2025 Advanced Micro Devices, Inc. All Rights Reserved.
--------------------------------------------------------------------------------------------------------------------------------------------------------------------------
| Tool Version     : Vivado v.2025.2 (lin64) Build 6299465 Fri Nov 14 12:34:56 MST 2025
| Date             : Thu Jun 18 17:35:09 2026
| Host             : ym-ThinkSystem-ST558-7Y16CTO1WW running 64-bit Ubuntu 24.04.4 LTS
| Command          : report_power -file /home/ym/xilinx_project/Event-Driven-Spiking-Neural-Network-Accelerator-for-FPGA/outputs/snn_core_group_profile_power.rpt
| Design           : snn_core_group_top
| Device           : xc7z020clg400-2
| Design State     : routed
| Grade            : commercial
| Process          : typical
| Characterization : Production
--------------------------------------------------------------------------------------------------------------------------------------------------------------------------

Power Report

Table of Contents
-----------------
1. Summary
1.1 On-Chip Components
1.2 Power Supply Summary
1.3 Confidence Level
2. Settings
2.1 Environment
2.2 Clock Constraints
3. Detailed Reports
3.1 By Hierarchy

1. Summary
----------

+--------------------------+--------------+
| Total On-Chip Power (W)  | 1.987        |
| Design Power Budget (W)  | Unspecified* |
| Power Budget Margin (W)  | NA           |
| Dynamic (W)              | 1.825        |
| Device Static (W)        | 0.163        |
| Effective TJA (C/W)      | 11.5         |
| Max Ambient (C)          | 62.1         |
| Junction Temperature (C) | 47.9         |
| Confidence Level         | Medium       |
| Setting File             | ---          |
| Simulation Activity File | ---          |
| Design Nets Matched      | NA           |
+--------------------------+--------------+
* Specify Design Power Budget using, set_operating_conditions -design_power_budget <value in Watts>


1.1 On-Chip Components
----------------------

+--------------------------+-----------+----------+-----------+-----------------+
| On-Chip                  | Power (W) | Used     | Available | Utilization (%) |
+--------------------------+-----------+----------+-----------+-----------------+
| Clocks                   |     0.034 |        3 |       --- |             --- |
| Slice Logic              |     0.031 |    34982 |       --- |             --- |
|   LUT as Logic           |     0.026 |    12451 |     53200 |           23.40 |
|   CARRY4                 |     0.005 |     2252 |     13300 |           16.93 |
|   Register               |    <0.001 |    15451 |    106400 |           14.52 |
|   LUT as Distributed RAM |    <0.001 |      530 |     17400 |            3.05 |
|   F7/F8 Muxes            |    <0.001 |      108 |     53200 |            0.20 |
|   LUT as Shift Register  |    <0.001 |      201 |     17400 |            1.16 |
|   Others                 |     0.000 |      529 |       --- |             --- |
| Signals                  |     0.031 |    28362 |       --- |             --- |
| Block RAM                |     0.186 |      103 |       140 |           73.57 |
| PS7                      |     1.543 |        1 |       --- |             --- |
| Static Power             |     0.163 |          |           |                 |
| Total                    |     1.987 |          |           |                 |
+--------------------------+-----------+----------+-----------+-----------------+


1.2 Power Supply Summary
------------------------

+-----------+-------------+-----------+-------------+------------+-------------+-------------+------------+
| Source    | Voltage (V) | Total (A) | Dynamic (A) | Static (A) | Powerup (A) | Budget (A)  | Margin (A) |
+-----------+-------------+-----------+-------------+------------+-------------+-------------+------------+
| Vccint    |       1.000 |     0.288 |       0.267 |      0.022 |       NA    | Unspecified | NA         |
| Vccaux    |       1.800 |     0.016 |       0.000 |      0.016 |       NA    | Unspecified | NA         |
| Vcco33    |       3.300 |     0.000 |       0.000 |      0.000 |       NA    | Unspecified | NA         |
| Vcco25    |       2.500 |     0.000 |       0.000 |      0.000 |       NA    | Unspecified | NA         |
| Vcco18    |       1.800 |     0.000 |       0.000 |      0.000 |       NA    | Unspecified | NA         |
| Vcco15    |       1.500 |     0.000 |       0.000 |      0.000 |       NA    | Unspecified | NA         |
| Vcco135   |       1.350 |     0.000 |       0.000 |      0.000 |       NA    | Unspecified | NA         |
| Vcco12    |       1.200 |     0.000 |       0.000 |      0.000 |       NA    | Unspecified | NA         |
| Vccaux_io |       1.800 |     0.000 |       0.000 |      0.000 |       NA    | Unspecified | NA         |
| Vccbram   |       1.000 |     0.023 |       0.015 |      0.008 |       NA    | Unspecified | NA         |
| MGTAVcc   |       1.000 |     0.000 |       0.000 |      0.000 |       NA    | Unspecified | NA         |
| MGTAVtt   |       1.200 |     0.000 |       0.000 |      0.000 |       NA    | Unspecified | NA         |
| MGTVccaux |       1.800 |     0.000 |       0.000 |      0.000 |       NA    | Unspecified | NA         |
| Vccpint   |       1.000 |     0.763 |       0.730 |      0.034 |       NA    | Unspecified | NA         |
| Vccpaux   |       1.800 |     0.061 |       0.051 |      0.010 |       NA    | Unspecified | NA         |
| Vccpll    |       1.800 |     0.019 |       0.016 |      0.003 |       NA    | Unspecified | NA         |
| Vcco_ddr  |       1.500 |     0.459 |       0.457 |      0.002 |       NA    | Unspecified | NA         |
| Vcco_mio0 |       3.300 |     0.003 |       0.002 |      0.001 |       NA    | Unspecified | NA         |
| Vcco_mio1 |       3.300 |     0.002 |       0.001 |      0.001 |       NA    | Unspecified | NA         |
| Vccadc    |       1.800 |     0.020 |       0.000 |      0.020 |       NA    | Unspecified | NA         |
+-----------+-------------+-----------+-------------+------------+-------------+-------------+------------+


1.3 Confidence Level
--------------------

+-----------------------------+------------+------------------------------------------------+------------------------------------------------------------------------------------------------------------+
| User Input Data             | Confidence | Details                                        | Action                                                                                                     |
+-----------------------------+------------+------------------------------------------------+------------------------------------------------------------------------------------------------------------+
| Design implementation state | High       | Design is routed                               |                                                                                                            |
| Clock nodes activity        | High       | User specified more than 95% of clocks         |                                                                                                            |
| I/O nodes activity          | High       | User specified more than 95% of inputs         |                                                                                                            |
| Internal nodes activity     | Medium     | User specified less than 25% of internal nodes | Provide missing internal nodes activity with simulation results or by editing the "By Resource Type" views |
| Device models               | High       | Device models are Production                   |                                                                                                            |
|                             |            |                                                |                                                                                                            |
| Overall confidence level    | Medium     |                                                |                                                                                                            |
+-----------------------------+------------+------------------------------------------------+------------------------------------------------------------------------------------------------------------+


2. Settings
-----------

2.1 Environment
---------------

+-----------------------+------------------------+
| Ambient Temp (C)      | 25.0                   |
| ThetaJA (C/W)         | 11.5                   |
| Airflow (LFM)         | 250                    |
| Heat Sink             | none                   |
| ThetaSA (C/W)         | 0.0                    |
| Board Selection       | medium (10"x10")       |
| # of Board Layers     | 8to11 (8 to 11 Layers) |
| Board Temperature (C) | 25.0                   |
+-----------------------+------------------------+


2.2 Clock Constraints
---------------------

+------------+----------------------------------------------------------------------------+-----------------+
| Clock      | Domain                                                                     | Constraint (ns) |
+------------+----------------------------------------------------------------------------+-----------------+
| clk_fpga_0 | u_block_design/design_1_i/processing_system7_0/inst/FCLK_CLK_unbuffered[0] |            10.0 |
+------------+----------------------------------------------------------------------------+-----------------+


3. Detailed Reports
-------------------

3.1 By Hierarchy
----------------

+------------------------------------+-----------+
| Name                               | Power (W) |
+------------------------------------+-----------+
| snn_core_group_top                 |     1.825 |
|   gen_core_groups[0].u_core_group  |     0.013 |
|   gen_core_groups[10].u_core_group |     0.013 |
|   gen_core_groups[11].u_core_group |     0.013 |
|   gen_core_groups[12].u_core_group |     0.013 |
|   gen_core_groups[13].u_core_group |     0.013 |
|   gen_core_groups[14].u_core_group |     0.013 |
|   gen_core_groups[15].u_core_group |     0.013 |
|   gen_core_groups[1].u_core_group  |     0.013 |
|   gen_core_groups[2].u_core_group  |     0.013 |
|   gen_core_groups[3].u_core_group  |     0.013 |
|   gen_core_groups[4].u_core_group  |     0.013 |
|   gen_core_groups[5].u_core_group  |     0.013 |
|   gen_core_groups[6].u_core_group  |     0.013 |
|   gen_core_groups[7].u_core_group  |     0.013 |
|   gen_core_groups[8].u_core_group  |     0.013 |
|   gen_core_groups[9].u_core_group  |     0.013 |
|   u_block_design                   |     1.567 |
|     design_1_i                     |     1.562 |
|       axi_dma_0                    |     0.005 |
|       axi_interconnect_0           |     0.004 |
|       axi_interconnect_hp0         |     0.003 |
|       processing_system7_0         |     1.544 |
|       snn_top_hls_0                |     0.004 |
|   u_connectivity_table             |     0.038 |
|   u_event_router                   |     0.004 |
+------------------------------------+-----------+


